# Gift Shop URL error log (newest first)

=== 2026-08-24 03:38 America/Chicago · Monday · slice 1/7 · 112 gifts checked · coverage: all gifts ===
errors: 1 · inconclusive(blocked): 48 · ok: 63
  ! California Girl
      image dead 404
      url:   https://bookshop.org/a/87073/9780062103390
      image: https://images-us.bookshop.org/ingram/9780062103390.jpg
  ~ blocked (inconclusive): The Kingdoms of Savannah: A Novel by George Dawes Green; Sunset Song; The Works: Anatomy of a City; The Seafood Capital of the World: Biloxi's Maritime History by Edmond Boudreaux; New Orleans: Elegance and Decadence by Richard Sexton and Randolph Delehanty; The Program: Alabama: A Curated History of the Crimson Tide by Aaron Suttles; The Absinthe Frappe by Marielle Songy; Zingerman's Bakehouse by Amy Emberling and Frank Carollo; Carolina Panthers 101; A People's Guide to Orange County; New Orleans in the Twenties by Mary Lou Widmer; Amarillo Flights: Aerial Views of Llano Estacado Country by Paul V. Chaplo; Gotham; Death at Papago Park POW Camp: A Tragic Murder and America's Last Mass Execution by Jane Eppinga; The Big 50: New York Giants: The Men and Moments that Made the New York Giants by Patricia Traina; The Devil in the White City; Slow Days, Fast Company: The World, the Flesh, and L.A. by Eve Babitz; Endzone: The Rise, Fall, and Return of Michigan Football by John U. Bacon; AIA Guide to the Architecture of Washington, DC by G. Martin Moeller Jr.; New Orleans Architecture: Volume III, The Cemeteries by Leonard V. Huber; Color This: New York City by Abbi Jacobson; 100 Things Chiefs Fans Should Know & Do Before They Die by Matt Fulks; Tales from the Minnesota Vikings Sideline: A Collection of the Greatest Vikings Stories Ever Told by Bill Williamson and Eric Thompson; Low Life; The Big Sleep; Balinese Children's Favorite Stories; The Gardner Heist; The Axeman of New Orleans; The Art of Racing in the Rain by Garth Stein; The Secret of the Kelpie; Mexico: The Cookbook by Margarita Carrillo Arronte; The Year of Living Danishly: Uncovering the Secrets of the World's Happiest Country; Rick Steves London by Rick Steves and Gene Openshaw; Homegoing; The Atlas of Boston History; Walking London: Thirty Original Walks In and Around London by Andrew Duncan; Historic Photos of Sacramento by James Scott and Tom Tolley; New Orleans Historic Homes by Errol Laborde and Bonnie Warren; Tokyo Vice: An American Reporter on the Police Beat in Japan by Jake Adelstein; Tampa, FL: Cool Stuff Every Kid Should Know; The Book Thief by Markus Zusak; Hidden History of Denver; Lost Cincinnati Concert Venues of the '50s and '60s; The Armadillo from Amarillo by Lynne Cherry; The Best Game Ever: Giants vs. Colts, 1958, and the Birth of the Modern NFL; Snowblind; Bright Lights, Big City by Jay McInerney; Mildly Scenic: A Trail Guide to Sacramento's Lower American River by Ashley Shult Langdon

=== 2026-08-23 03:20 America/Chicago · Sunday · slice 7/7 · 112 gifts checked · coverage: all gifts ===
errors: 4 · inconclusive(blocked): 42 · ok: 66
  ! The Girls from Ames: A Story of Women and a Forty-Year Friendship by Jeffrey Zaslow
      url dead 404
      image dead 404
      url:   https://bookshop.org/a/87073/9781592404452
      image: https://images-us.bookshop.org/ingram/9781592404452.jpg
  ! Scandinavian Comfort Food: Embracing the Art of Hygge
      url dead 404
      url:   https://bookshop.org/a/87073/9781849498593
      image: https://covers.openlibrary.org/b/isbn/9781849498593-L.jpg
  ! Alpharetta, Milton County: The Early Years
      image dead 404
      url:   https://bookshop.org/a/87073/9781578644995
      image: https://images-us.bookshop.org/ingram/9781578644995.jpg
  ! Bitter Wash Road
      image dead 404
      url:   https://bookshop.org/a/87073/9781616955397
      image: https://images-us.bookshop.org/ingram/9781616955397.jpg
  ~ blocked (inconclusive): Lost Dearborn by Craig E. Hutchinson; Philadelphia Fire by John Edgar Wideman; The Snow Child; Dutch Feast by Emily Wight; Secret New Orleans; Why New Orleans Matters by Tom Piazza; Infinite City by Rebecca Solnit; Empire of Sin: A Story of Sex, Jazz, Murder, and the Battle for Modern New Orleans by Gary Krist; The Painted Alphabet: A Mythical Story of Bali; Far from My Father; The Eagles Encyclopedia: Champions Edition; The Pirates Laffite: The Treacherous World of the Corsairs of the Gulf by William C. Davis; The Mystery of a Hansom Cab by Fergus Hume; Hidden History of Detroit by Amy Elliott Bragg; The Emperor: Downfall of an Autocrat; Barcelona by Robert Hughes; Buildings of Texas: East, North Central, Panhandle and South Plains, and West by Gerald Moorhead; Charlotte: Its Historic Neighborhoods; The Scots Kitchen: Its Traditions and Recipes; This is London by Miroslav Sasek; 100 Things to Do in Shreveport-Bossier, Louisiana, Before You Die by Monica Champagne; Too Small Tola by Atinuke; Forgotten Maryland Cocktails by Gregory and Nicole Priebe; Rudolfo Anaya's The Farolitos of Christmas; Visit Tuscaloosa Visitors Guide; 100 Things Colts Fans Should Know & Do Before They Die by Phillip B. Wilson; Glorious Victory: Andrew Jackson and the Battle of New Orleans by Donald R. Hickey; Apollo 13; B Is for Badger: A Wisconsin Alphabet; Gone with the Wind; Hans Christian Andersen: The Complete Fairy Tales and Stories; Possum Magic by Mem Fox; North Wild Kitchen: Home Cooking from the Heart of Norway by Nevada Berg; When Pride Still Mattered: A Life of Vince Lombardi by David Maraniss; Classic Reds: The 50 Greatest Games in Cincinnati Red History by Joe Heffron and Jack Heffron; Lady in the Lake; A History Lover's Guide to Albuquerque; Ghosts of Spain: Travels Through Spain and Its Silent Past by Giles Tremlett; Egyptian Cooking: And Other Middle Eastern Recipes by Samia Abdennour; Memphis Mayhem: A Story of the Music That Shook Up the World by David A. Less; Alburquerque: A Novel; The Red River Campaign and Its Toll: 69 Bloody Days in Louisiana, March-May 1864 by Henry O. Robertson

=== 2026-08-22 03:20 America/Chicago · Saturday · slice 6/7 · 110 gifts checked · coverage: all gifts ===
errors: 4 · inconclusive(blocked): 37 · ok: 69
  ! Are We There Yet? A Journey Around Australia
      url dead 404
      image dead 404
      url:   https://bookshop.org/a/87073/9781929132737
      image: https://images-us.bookshop.org/ingram/9781929132737.jpg
  ! Santa Calls
      image dead 404
      url:   https://bookshop.org/a/87073/9780060211332
      image: https://images-us.bookshop.org/ingram/9780060211332.jpg
  ! The Corsair by Abdulaziz Al-Mahmoud
      image dead 404
      url:   https://bookshop.org/a/87073/9789992194720
      image: https://images-us.bookshop.org/ingram/9789992194720.jpg
  ! I Am Walt Disney
      image dead 404
      url:   https://bookshop.org/a/87073/9780525556398
      image: https://images-us.bookshop.org/ingram/9780525556398.jpg
  ~ blocked (inconclusive): 77: Denver, The Broncos, and a Coming of Age by Terry Frei; The Chicago Coloring Book: Iconic Landmarks and Hidden Gems Adult Coloring Book by Chris Arnold; Harriet Beecher Stowe: A Life by Joan D. Hedrick; A Brief History of Phoenix by Jon Talton; The Camel in the Sun; Miami in the Anthropocene: Rising Seas and Urban Resilience by Stephanie Wakefield; Sorting Out the New South City, Second Edition by Tom Hanchett; Gandhi: The Years That Changed the World, 1914-1948 by Ramachandra Guha; Bavarian Cooking: A Bavarian Cookbook with Authentic Bavarian Recipes by Booksumo Press; The Season: A Fan's Story by Helen Garner; Cézanne: A Life; Corpus Christi: Stories by Bret Anthony Johnston; Miramar by Naguib Mahfouz; Eve's Hollywood by Eve Babitz; Beneath a Marble Sky; The Potlikker Papers: A Food History of the Modern South; Tulane: The Emergence of a Modern University, 1945-1980 by Clarence L. Mohr and Joseph E. Gordon; Wonder Boys by Michael Chabon; The Great Depression: A Diary by Benjamin Roth, James Ledbetter, and Daniel B. Roth; The Girl Who Fell to Earth: A Memoir by Sophia Al-Maria; Bangkok 8 by John Burdett; The World That Made New Orleans: From Spanish Silver to Congo Square by Ned Sublette; The Bog People: Iron Age Man Preserved; Cardamom and Lime: Recipes from the Arabian Gulf by Sarah al-Hamad; Building the Brewers: Bud Selig and the Return of Major League Baseball to Milwaukee by Chris Zantow; Classic German Baking: The Very Best Recipes for Traditional Favorites, from Pfeffernusse to Streuselkuchen; A History of American Architecture: Buildings in Their Cultural and Technological Context by Mark Gelernter; Where Is the Taj Mahal?; Inherent Vice by Thomas Pynchon; Spaces for the Sacred Place, Memory, and Identity by Philip Sheldrake; The Rise and Fall of Alexandria: Birthplace of the Modern World by Justin Pollard and Howard Reid; The Sweet Life in Paris: Delicious Adventures in the World's Most Glorious and Perplexing City by David Lebovitz; A History of Nigeria by Toyin Falola and Matthew M. Heaton; New York Jets; Biloxi: A Novel by Mary Miller; The Story of Ferdinand by Munro Leaf and Robert Lawson; New Orleans Official Visitors Guide

=== 2026-08-21 03:30 America/Chicago · Friday · slice 5/7 · 109 gifts checked · coverage: all gifts ===
errors: 0 · inconclusive(blocked): 42 · ok: 67
  ~ blocked (inconclusive): Divine Secrets of the Ya-Ya Sisterhood: A Novel by Rebecca Wells; Milwaukee Walks (2024 edition): An Insider's Guide to 35 Historic Neighborhood Walks and Hidden Hikes by Cari Taylor-Carlson; Dear Primo: A Letter to My Cousin by Duncan Tonatiuh; Dallas, TX: Cool Stuff Every Kid Should Know by Kate Boehm Jerome; The Shehnai Virtuoso and Other Stories by Dhumketu, translated by Jenny Bhatt; The Story of the Blue Planet; Best Hikes St. Louis: Simple Strolls, Day Hikes, and Longer Adventures by Emily Tanner and JD Tanner; Buffalo's East Side Industry by Shane E Stephenson; P Is for Pelican: A Louisiana Alphabet by Anita C. Prieto and Laura Knorr; Skid Road; Nashville Eats; Classic Restaurants of Indianapolis; Wicked Baltimore: Charm City Sin and Scandal by Lauren R. Silberman; Boston's Freedom Trail by Diane Caporale; Tales from the San Francisco 49ers Sideline by Roger Craig and Matt Maiocco; A History Lover's Guide to Chicago; The Scarlet Letter by Nathaniel Hawthorne; The Encyclopedia of Chicago; A Moveable Feast: The Restored Edition by Ernest Hemingway; Taj Mahal; The Rise and Fall of Marvellous Melbourne by Graeme Davison; Grandpa Cacao: A Tale of Chocolate, from Farm to Family; Augusta (Images of America); My Beloved Miami Dolphins: From the Perspective of a Lifelong Fan by Romain DuFour III; Hidden History of Pittsburgh by Len Barcousky; A River and Its City: The Nature of Landscape in New Orleans by Ari Kelman; Haunted New Orleans: History & Hauntings of the Crescent City by Troy Taylor; Smorrebrod: Scandinavian Open Sandwiches; Tales from the Philadelphia Eagles Sideline; NYC Walks: Guide to New Architecture by John Hill; KeeKee's Big Adventures in Amsterdam, Netherlands by Shannon Jones; Paris: A Book of Shapes by Ashley Evanson; Death at the Château Bremont: A Verlaque and Bonnet Mystery; Abbot Suger on the Abbey Church of St. Denis and Its Art Treasures: Second Edition by Abbot Suger and Erwin Panofsky; The Beautiful Struggle: A Memoir by Ta-Nehisi Coates; Buffalo's Historic Streetcars and Buses by D David Bregger; Qatar: A Modern History, Updated Edition by Allen J. Fromherz; Carnival in the Countryside: The History of the Iowa State Fair by Chris Rasmussen; Abandoned Kansas City: Forgotten Brought to Light by Regina Daniel; The Catcher in the Rye by J. D. Salinger; Greater Than a Tourist- Baton Rouge Louisiana USA: 50 Travel Tips from a Local by Emily Beck Cogburn; Walt Whitman's New Orleans: Sidewalk Sketches and Newspaper Rambles by Walt Whitman and Stefan Schoberlein

=== 2026-08-20 03:28 America/Chicago · Thursday · slice 4/7 · 107 gifts checked · coverage: all gifts ===
errors: 1 · inconclusive(blocked): 44 · ok: 62
  ! The New Eagles Encyclopedia
      url dead 404
      url:   https://bookshop.org/a/87073/9781439912119
      image: https://covers.openlibrary.org/b/isbn/9781439912119-L.jpg
  ~ blocked (inconclusive): Gandhi: A March to the Sea by Alice B. McGinty and Thomas Gonzalez; Historic Roswell, Georgia (Images of America); Benjamin Franklin: An American Life; Paella by Alberto Herraiz; Guide to Contemporary New York City Architecture by John Hill; Arab Detroit: From Margin to Mainstream by Nabeel Abraham and Andrew Shryock; Air Castle of the South; Good Night Mississippi by Adam Gamble; Lost Milwaukee; Historic Buildings of Washington, D.C.: A Coloring Book of Architecture by Scott Clowney; A Short History of Boston; Denver Beer: A History of Mile High Brewing by Jonathan Shikes by Rhonda Beck; Weird & Wonderful Florida: Strange, True & Surprisingly Smart Stories About the Sunshine State by Hermann Cooper; Out of This Furnace; London Under: The Secret History Beneath the Streets; Lost in the City; Cod: A Biography of the Fish That Changed the World by Mark Kurlansky; Ghosts of Alexandria, Virginia by Michael Lee Pope; Edgar Allan Poe: An Adult Coloring Book by Odessa Begay; Jim Brown: Last Man Standing; Beneath the Neon; A Brief History of Singapore and Malaysia by Christopher Hale; Church of Marvels: A Novel by Leslie Parry; Chicory and Roux: The Creole Mouse and the Cajun Mouse by Todd-Michael St. Pierre; A New Orleans Voudou Priestess: The Legend and Reality of Marie Laveau by Carolyn Morrow Long; San Francisco Noir Edited by Peter Maravelis; Under Desert Skies: How Tucson Mapped the Way to the Moon and Planets by Melissa L. Sevigny; The Dog Stars by Peter Heller; The Tour Guide: Walking and Talking New York; The Crayon Man: The True Story of the Invention of Crayola Crayons by Natascha Biebow; Children of Ash and Elm: A History of the Vikings; City Secrets London: The Essential Insider's Guide by Robert Kahn and Tim Adams; The Mughal Feast: Recipes from the Kitchen of Emperor Shah Jahan; Season of the Witch; Beyond the Xs and Os: Keeping the Bills in Buffalo by Mark C. Poloncarz; Season of Crimson Blossoms by Abubakar Adam Ibrahim; A Gentleman in Moscow: A Novel by Amor Towles; Prague: The Heart of Europe by Cynthia Paces; The Fish That Ate the Whale: The Life and Times of America's Banana King by Rich Cohen; City of Light by Lauren Belfer; Hidden History of Mobile by Joe Cuhaj; Oro Valley; Freedom's Dance: Social Aid and Pleasure Clubs in New Orleans by Karen Celestan and Eric Waters; The Ultimate Pittsburgh Steelers Trivia Book

=== 2026-08-19 03:27 America/Chicago · Wednesday · slice 3/7 · 106 gifts checked · coverage: all gifts ===
errors: 1 · inconclusive(blocked): 39 · ok: 66
  ! Milwaukee Brewers Team Logo Pin
      url dead 404
      url:   https://www.amazon.com/dp/B00CWA4QXS?tag=thegamebureau-20&ascsubtag=nolanatives-20&store=nolanatives-20
  ~ blocked (inconclusive): Guidebooks to Sin: The Blue Books of Storyville, New Orleans by Pamela D. Arceneaux; As American as Shoofly Pie: The Foodlore and Fakelore of Pennsylvania Dutch Cuisine by William Woys Weaver; 100 Things Broncos Fans Should Know & Do Before They Die by Brian Howell; 50 Hidden Gems of Greater Western New York by Christopher Carosa; Fever 1793; The Story of Arthur Ashe: An Inspiring Story for Kids by Reza Nazari; Good Night Boston; Secret San Francisco: A Guide to the Weird, Wonderful, and Obscure by Ruth Carlson; The Kansas City Royals: An Illustrated Timeline by Matt Stewart; Best Easy Day Hikes Indianapolis; Buffalo Architecture: A Guide by Reyner Banham; Brown Girls: A Novel by Daphne Palasi Andreades; Walking Cincinnati: 35 Walking Tours Exploring Historic Neighborhoods, Stunning Riverfront Quarters, and Hidden Treasures in the Queen City by Danny Korman, Katie Meyer; A Street Cat Named Bob: And How He Saved My Life by James Bowen; Greetings from Indianapolis; Toronto Street Names: An Illustrated Guide to Their Origins by Allan Gould and Leonard Wise; Early Abilene, Texas; Winter in Madrid: A Novel by C J Sansom; From Factories to Palaces Architect Charles B. J. Snyder and the New York City Public Schools; Mobile Bay and the Mobile Campaign: The Last Great Battles of the Civil War by Chester G. Hearn; The Accidental City: Improvising New Orleans by Lawrence N. Powell; Tales from the Cleveland Browns Sideline: A Collection of the Greatest Browns Stories Ever Told by Tony Grossi; Transforming New Orleans and Its Environs: Centuries of Change by Craig E. Colten; Quest to New Orleans by Ashley Franklin and Ria Lee; Hidden London: Discovering the Forgotten Underground by David Bownes, Chris Nix, Siddy Holloway, and Sam Mullins; A Tale of Two Cities by Charles Dickens; Booklover's Guide to New Orleans; Indianapolis: The True Story of the Worst Sea Disaster in U.S. Naval History; Alexandria (Images of America) by Fr. Chad Partain; Visit London; The Orchid Thief; The Turkish Cookbook; Collected Poems of Bob Kaufman by Bob Kaufman, Devorah Major, Neeli Cherkovski, and Raymond Foye; 100 Things Dolphins Fans Should Know & Do Before They Die by Armando Salguero; Cleveland: A Concise History, 1796-1996 by Carol Poh Miller and Robert A. Wheeler; New Orleans: A Writer's City by T. R. Johnson; New Orleans Houses: A House-Watcher's Guide; I Will Show You How It Was: The Story of Wartime Kyiv by Illia Ponomarenko; The Mirage Factory: Illusion, Imagination, and the Invention of Los Angeles by Gary Krist

=== 2026-08-18 03:26 America/Chicago · Tuesday · slice 2/7 · 105 gifts checked · coverage: all gifts ===
errors: 2 · inconclusive(blocked): 45 · ok: 58
  ! From Rags to Riches: A Story of Abu Dhabi
      url dead 404
      url:   https://bookshop.org/a/87073/9781860642333
      image: https://covers.openlibrary.org/b/isbn/9781860642333-L.jpg
  ! Three Dog Night
      image dead 404
      url:   https://bookshop.org/a/87073/9780755397839
      image: https://images-us.bookshop.org/ingram/9780755397839.jpg
  ~ blocked (inconclusive): A Short History of Bali: Indonesia's Hindu Realm; Dark Tide The Great Boston Molasses Flood of 1919; The Jungle; Wined and Died in New Orleans by Ellen Byron; Good Night Chicago; Homicide: A Year on the Killing Streets by David Simon; Good Night New York City; Tampa Bay in History; Professor Longhair: A Scrapbook by Per Oldaeus; Seventeen and Oh; New Orleans of George Washington Cable: The 1887 Census Office Report by Lawrence N. Powell; Blueberries for Sal; Cathedral: The Story of Its Construction; New Orleans Rum: A Decadent History by Mikko Macchione; Salt Creek; Midnight in the Garden of Good and Evil; St. Louis Jazz: A History by Dennis C. Owsley; Ethiopia: Recipes and Traditions from the Horn of Africa; Hidden History of Milwaukee by Robert Tanzilo; Lonely Planet Pocket Toronto: Discover Twice the City in Half the Time Top Sights Maps & Walking Tours Covers Toronto Islands, Evergreen Brick Works, Harbourfront Centre and More by Isabella Noble; Mona's Scrapbook Adventure by Nouha Deliou; Cleveland Browns; Mystic River by Dennis Lehane; The End of the Spanish Civil War: Alicante 1939 by Jonathan Whitehead; Balinese Food: The Traditional Cuisine & Food Culture of Bali; Head On: A Memoir by Larry Csonka; Miami Dolphins by Marcia Zappa; Creole Italian: Sicilian Immigrants and the Shaping of New Orleans Food Culture by Justin A. Nystrom; The Joy Luck Club; We, the Drowned; Color Niagara Falls by Veronica Young; Secret Dallas: A Guide to the Weird, Wonderful, and Obscure by Mark Stuertz; Discovering North Carolina's Mountains-To-Sea Trail: A Companion for Hikers and Armchair Explorers by Jerry Barker; Democracy by Joan Didion; Friday Night Lights; Shutter Island by Dennis Lehane; 100 Things Lions Fans Should Know & Do Before They Die by Paula Pasche; Our Riches by Kaouther Adimi; Just Kids by Patti Smith; Historic Buildings of Boston: A Coloring Book of Architecture by Scott Clowney; London: A Biography by Peter Ackroyd; Architecture of the Old South: Mississippi and Alabama by Mills Lane; Aberdeen in 50 Buildings; I Promise by LeBron James, illustrated by Nina Mata; Peachtree Road by Anne Rivers Siddons

=== 2026-08-17 03:34 America/Chicago · Monday · slice 1/7 · 103 gifts checked · coverage: all gifts ===
errors: 32 · inconclusive(blocked): 22 · ok: 49
  ! All the President's Men
      image error (TypeError)
      url:   https://bookshop.org/a/87073/9781476770512
      image: https://covers.openlibrary.org/b/isbn/9781476770512-L.jpg
  ! Zeitoun
      image error (TypeError)
      url:   https://bookshop.org/a/87073/9780307387943
      image: https://covers.openlibrary.org/b/isbn/9780307387943-L.jpg
  ! Hidden San Francisco: A Guide to Lost Landscapes, Unsung Heroes, and Radical Histories by Chris Carlsson
      image error (TypeError)
      url:   https://bookshop.org/a/87073/9780745340944
      image: https://covers.openlibrary.org/b/isbn/9780745340944-L.jpg
  ! Humans of San Antonio by Michael Cirlos
      image error (TypeError)
      url:   https://bookshop.org/a/87073/9781595347930
      image: https://covers.openlibrary.org/b/isbn/9781595347930-L.jpg
  ! Who Is Cristiano Ronaldo?
      image error (TypeError)
      url:   https://bookshop.org/a/87073/9780593226346
      image: https://covers.openlibrary.org/b/isbn/9780593226346-L.jpg
  ! The Lovely Bones by Alice Sebold
      image error (TypeError)
      url:   https://bookshop.org/a/87073/9780316666343
      image: https://covers.openlibrary.org/b/isbn/9780316666343-L.jpg
  ! Hotel on the Corner of Bitter and Sweet
      image error (TypeError)
      url:   https://bookshop.org/a/87073/9780345505347
      image: https://covers.openlibrary.org/b/isbn/9780345505347-L.jpg
  ! The Warmth of Other Suns
      image error (TypeError)
      url:   https://bookshop.org/a/87073/9780679763888
      image: https://covers.openlibrary.org/b/isbn/9780679763888-L.jpg
  ! The City-State of Boston
      image error (TypeError)
      url:   https://bookshop.org/a/87073/9780691179995
      image: https://covers.openlibrary.org/b/isbn/9780691179995-L.jpg
  ! Charlemagne: Father of a Continent
      image error (TypeError)
      url:   https://bookshop.org/a/87073/9780520297210
      image: https://covers.openlibrary.org/b/isbn/9780520297210-L.jpg
  ! If I Had Your Face: A Novel by Frances Cha
      image error (TypeError)
      url:   https://bookshop.org/a/87073/9780593129487
      image: https://covers.openlibrary.org/b/isbn/9780593129487-L.jpg
  ! The Monocle Travel Guide to Mexico City by Monocle
      image error (TypeError)
      url:   https://bookshop.org/a/87073/9783899559491
      image: https://covers.openlibrary.org/b/isbn/9783899559491-L.jpg
  ! The Works: Anatomy of a City
      image error (TypeError)
      url:   https://bookshop.org/a/87073/9780143112709
      image: https://covers.openlibrary.org/b/isbn/9780143112709-L.jpg
  ! An American Childhood
      image error (TypeError)
      url:   https://bookshop.org/a/87073/9780060915186
      image: https://covers.openlibrary.org/b/isbn/9780060915186-L.jpg
  ! Jacksonville by Ennis Davis
      image error (TypeError)
      url:   https://bookshop.org/a/87073/9781467114684
      image: https://covers.openlibrary.org/b/isbn/9781467114684-L.jpg
  ! Lonely Planet Pocket Rio de Janeiro by Regis St Louis
      image error (TypeError)
      url:   https://bookshop.org/a/87073/9781788684699
      image: https://covers.openlibrary.org/b/isbn/9781788684699-L.jpg
  ! New Orleans in the Twenties by Mary Lou Widmer
      image error (TypeError)
      url:   https://bookshop.org/a/87073/9780882899336
      image: https://covers.openlibrary.org/b/isbn/9780882899336-L.jpg
  ! Gotham
      image error (TypeError)
      url:   https://bookshop.org/a/87073/9780195140491
      image: https://covers.openlibrary.org/b/isbn/9780195140491-L.jpg
  ! Death at Papago Park POW Camp: A Tragic Murder and America's Last Mass Execution by Jane Eppinga
      image error (TypeError)
      url:   https://bookshop.org/a/87073/9781467135764
      image: https://covers.openlibrary.org/b/isbn/9781467135764-L.jpg
  ! The Devil in the White City
      image error (TypeError)
      url:   https://bookshop.org/a/87073/9780375725609
      image: https://covers.openlibrary.org/b/isbn/9780375725609-L.jpg
  ! Slow Days, Fast Company: The World, the Flesh, and L.A. by Eve Babitz
      image error (TypeError)
      url:   https://bookshop.org/a/87073/9781681370088
      image: https://covers.openlibrary.org/b/isbn/9781681370088-L.jpg
  ! Color This: New York City by Abbi Jacobson
      image error (TypeError)
      url:   https://bookshop.org/a/87073/9781452117331
      image: https://covers.openlibrary.org/b/isbn/9781452117331-L.jpg
  ! The Gardner Heist
      image error (TypeError)
      url:   https://bookshop.org/a/87073/9780061451843
      image: https://covers.openlibrary.org/b/isbn/9780061451843-L.jpg
  ! The Art of Racing in the Rain by Garth Stein
      image error (TypeError)
      url:   https://bookshop.org/a/87073/9780061537967
      image: https://covers.openlibrary.org/b/isbn/9780061537967-L.jpg
  ! The Atlas of Boston History
      image error (TypeError)
      url:   https://bookshop.org/a/87073/9780226631158
      image: https://covers.openlibrary.org/b/isbn/9780226631158-L.jpg
  ! Historic Photos of Sacramento by James Scott and Tom Tolley
      image error (TypeError)
      url:   https://bookshop.org/a/87073/9781683369264
      image: https://covers.openlibrary.org/b/isbn/9781683369264-L.jpg
  ! Tokyo Vice: An American Reporter on the Police Beat in Japan by Jake Adelstein
      image dead 404
      url:   https://bookshop.org/a/87073/9780307378798
      image: https://images-us.bookshop.org/ingram/9780307378798.jpg
  ! Tampa, FL: Cool Stuff Every Kid Should Know
      image error (TypeError)
      url:   https://bookshop.org/a/87073/9781439600658
      image: https://covers.openlibrary.org/b/isbn/9781439600658-L.jpg
  ! The Book Thief by Markus Zusak
      image error (TypeError)
      url:   https://bookshop.org/a/87073/9780375842207
      image: https://covers.openlibrary.org/b/isbn/9780375842207-L.jpg
  ! Hidden History of Denver
      image error (TypeError)
      url:   https://bookshop.org/a/87073/9781609493509
      image: https://covers.openlibrary.org/b/isbn/9781609493509-L.jpg
  ! The Best Game Ever: Giants vs. Colts, 1958, and the Birth of the Modern NFL
      image error (TypeError)
      url:   https://bookshop.org/a/87073/9780802144126
      image: https://covers.openlibrary.org/b/isbn/9780802144126-L.jpg
  ! Bright Lights, Big City by Jay McInerney
      image error (TypeError)
      url:   https://bookshop.org/a/87073/9780394726410
      image: https://covers.openlibrary.org/b/isbn/9780394726410-L.jpg
  ~ blocked (inconclusive): Mississippi Gulf Coast: Attractions, Restaurants, and Activities Along the Coast by Tim and Marcie Ladner; The Seafood Capital of the World: Biloxi's Maritime History by Edmond Boudreaux; New Orleans: Elegance and Decadence by Richard Sexton and Randolph Delehanty; The Program: Alabama: A Curated History of the Crimson Tide by Aaron Suttles; The Absinthe Frappe by Marielle Songy; Carolina Panthers 101; The Big 50: New York Giants: The Men and Moments that Made the New York Giants by Patricia Traina; AIA Guide to the Architecture of Washington, DC by G. Martin Moeller Jr.; New Orleans Architecture: Volume III, The Cemeteries by Leonard V. Huber; 100 Things Chiefs Fans Should Know & Do Before They Die by Matt Fulks; Tales from the Minnesota Vikings Sideline: A Collection of the Greatest Vikings Stories Ever Told by Bill Williamson and Eric Thompson; Low Life; The Big Sleep; Balinese Children's Favorite Stories; The Axeman of New Orleans; Mexico: The Cookbook by Margarita Carrillo Arronte; The Year of Living Danishly: Uncovering the Secrets of the World's Happiest Country; Rick Steves London by Rick Steves and Gene Openshaw; Homegoing; Walking London: Thirty Original Walks In and Around London by Andrew Duncan; New Orleans Historic Homes by Errol Laborde and Bonnie Warren; Lost Cincinnati Concert Venues of the '50s and '60s

=== 2026-08-16 03:20 America/Chicago · Sunday · slice 7/7 · 102 gifts checked · coverage: all gifts ===
errors: 2 · inconclusive(blocked): 48 · ok: 52
  ! Scandinavian Comfort Food: Embracing the Art of Hygge
      url dead 404
      url:   https://bookshop.org/a/87073/9781849498593
      image: https://covers.openlibrary.org/b/isbn/9781849498593-L.jpg
  ! Bitter Wash Road
      url dead 404
      image dead 404
      url:   https://bookshop.org/a/87073/9781616955397
      image: https://images-us.bookshop.org/ingram/9781616955397.jpg
  ~ blocked (inconclusive): New Orleans Official Visitors Guide; Lost Dearborn by Craig E. Hutchinson; Drew Brees: Coming Back Stronger; A Closer Look: The Antebellum Photographs of Jay Dearborn Edwards, 1858-1861 by The Historic New Orleans Collection; The Time It Never Rained; Anansi the Spider: A Tale from the Ashanti; The Diary of a Young Girl: The Definitive Edition by Anne Frank; Chop Chop: Cooking the Food of Nigeria by Ozoz Sokoh; Mrs. Dalloway by Virginia Woolf; D'Aulaires' Book of Norse Myths by Ingri and Edgar Parin d'Aulaire; Detroit: An American Autopsy by Charlie LeDuff; Brown Pelican by Rien Fertel; Tales of the City by Armistead Maupin; Dutch Feast by Emily Wight; Peter Pan: With the Original 1911 Illustrations by J M Barrie; A Midwife's Tale; The Age of Trade: The Manila Galleons and the Dawn of the Global Economy by Arturo Giraldez; Secret New Orleans; Singing the City: The Bonds of Home in an Industrial Landscape by Laurie Graham; When Not Performing: New Orleans Musicians by David G. Spielman; Temporary People; Lose Your Mother: A Journey Along the Atlantic Slave Route; Cane River by Lalita Tademy; Why New Orleans Matters by Tom Piazza; Tasting New Mexico: Recipes Celebrating One Hundred Years of Distinctive Home Cooking; The Corner: A Year in the Life of an Inner-City Neighborhood by David Simon and Edward Burns; New Orleans Sketches; Empire of Sin: A Story of Sex, Jazz, Murder, and the Battle for Modern New Orleans by Gary Krist; Cliff Diver: An Acapulco Police Procedural Mystery by Carmen Amato; Norwegian Wood: Chopping, Stacking, and Drying Wood the Scandinavian Way by Lars Mytting; Where I Was From by Joan Didion; The Majesty of New Orleans by Lee Malone and Paul Malone; Far from My Father; The Pirates Laffite: The Treacherous World of the Corsairs of the Gulf by William C. Davis; The Mystery of a Hansom Cab by Fergus Hume; Hidden History of Detroit by Amy Elliott Bragg; The Emperor: Downfall of an Autocrat; 100 Things to Do in Shreveport-Bossier, Louisiana, Before You Die by Monica Champagne; Too Small Tola by Atinuke; Forgotten Maryland Cocktails by Gregory and Nicole Priebe; Rudolfo Anaya's The Farolitos of Christmas; Glorious Victory: Andrew Jackson and the Battle of New Orleans by Donald R. Hickey; Hans Christian Andersen: The Complete Fairy Tales and Stories; Possum Magic by Mem Fox; North Wild Kitchen: Home Cooking from the Heart of Norway by Nevada Berg; Classic Reds: The 50 Greatest Games in Cincinnati Red History by Joe Heffron and Jack Heffron; A History Lover's Guide to Albuquerque; The Red River Campaign and Its Toll: 69 Bloody Days in Louisiana, March-May 1864 by Henry O. Robertson

=== 2026-08-15 03:18 America/Chicago · Saturday · slice 6/7 · 100 gifts checked · coverage: all gifts ===
errors: 3 · inconclusive(blocked): 24 · ok: 73
  ! Are We There Yet? A Journey Around Australia
      url dead 404
      image dead 404
      url:   https://bookshop.org/a/87073/9781929132737
      image: https://images-us.bookshop.org/ingram/9781929132737.jpg
  ! Santa Calls
      image dead 404
      url:   https://bookshop.org/a/87073/9780060211332
      image: https://images-us.bookshop.org/ingram/9780060211332.jpg
  ! The Corsair by Abdulaziz Al-Mahmoud
      image dead 404
      url:   https://bookshop.org/a/87073/9789992194720
      image: https://images-us.bookshop.org/ingram/9789992194720.jpg
  ~ blocked (inconclusive): Greater Than a Tourist- Baton Rouge Louisiana USA: 50 Travel Tips from a Local by Emily Beck Cogburn; Cool Gray City of Love: 49 Views of San Francisco by Gary Kamiya; Bavarian Cooking: A Bavarian Cookbook with Authentic Bavarian Recipes by Booksumo Press; The Season: A Fan's Story by Helen Garner; Cézanne: A Life; Corpus Christi: Stories by Bret Anthony Johnston; Eve's Hollywood by Eve Babitz; Beneath a Marble Sky; Tulane: The Emergence of a Modern University, 1945-1980 by Clarence L. Mohr and Joseph E. Gordon; Wonder Boys by Michael Chabon; The Great Depression: A Diary by Benjamin Roth, James Ledbetter, and Daniel B. Roth; The Girl Who Fell to Earth: A Memoir by Sophia Al-Maria; Bangkok 8 by John Burdett; The World That Made New Orleans: From Spanish Silver to Congo Square by Ned Sublette; The Bog People: Iron Age Man Preserved; Cardamom and Lime: Recipes from the Arabian Gulf by Sarah al-Hamad; Building the Brewers: Bud Selig and the Return of Major League Baseball to Milwaukee by Chris Zantow; Classic German Baking: The Very Best Recipes for Traditional Favorites, from Pfeffernusse to Streuselkuchen; A History of American Architecture: Buildings in Their Cultural and Technological Context by Mark Gelernter; Where Is the Taj Mahal?; Inherent Vice by Thomas Pynchon; Spaces for the Sacred Place, Memory, and Identity by Philip Sheldrake; The Sweet Life in Paris: Delicious Adventures in the World's Most Glorious and Perplexing City by David Lebovitz; A History of Nigeria by Toyin Falola and Matthew M. Heaton

=== 2026-08-11 03:46 America/Chicago · Tuesday · slice 2/7 · 94 gifts checked · coverage: all gifts ===
errors: 2 · inconclusive(blocked): 34 · ok: 58
  ! From Rags to Riches: A Story of Abu Dhabi
      url dead 404
      url:   https://bookshop.org/a/87073/9781860642333
      image: https://covers.openlibrary.org/b/isbn/9781860642333-L.jpg
  ! Three Dog Night
      image dead 404
      url:   https://bookshop.org/a/87073/9780755397839
      image: https://images-us.bookshop.org/ingram/9780755397839.jpg
  ~ blocked (inconclusive): San Francisco 49ers Trivia Quiz Book: The One With All The Questions; Concrete Toronto Map: Guide to Brutalist and Concrete Architecture in Toronto by Jason Woods; Chasing the Bear: How Bear Bryant and Nick Saban Made Alabama the Greatest College Football Program of All Time by Lars Anderson; Homicide: A Year on the Killing Streets by David Simon; Good Night New York City; Tampa Bay in History; Professor Longhair: A Scrapbook by Per Oldaeus; Seventeen and Oh; New Orleans of George Washington Cable: The 1887 Census Office Report by Lawrence N. Powell; Blueberries for Sal; Cathedral: The Story of Its Construction; New Orleans Rum: A Decadent History by Mikko Macchione; Salt Creek; Midnight in the Garden of Good and Evil; St. Louis Jazz: A History by Dennis C. Owsley; Ethiopia: Recipes and Traditions from the Horn of Africa; Hidden History of Milwaukee by Robert Tanzilo; Lonely Planet Pocket Toronto: Discover Twice the City in Half the Time Top Sights Maps & Walking Tours Covers Toronto Islands, Evergreen Brick Works, Harbourfront Centre and More by Isabella Noble; Cleveland Browns; Mystic River by Dennis Lehane; Balinese Food: The Traditional Cuisine & Food Culture of Bali; Head On: A Memoir by Larry Csonka; Miami Dolphins by Marcia Zappa; Creole Italian: Sicilian Immigrants and the Shaping of New Orleans Food Culture by Justin A. Nystrom; The Joy Luck Club; We, the Drowned; Color Niagara Falls by Veronica Young; Secret Dallas: A Guide to the Weird, Wonderful, and Obscure by Mark Stuertz; Discovering North Carolina's Mountains-To-Sea Trail: A Companion for Hikers and Armchair Explorers by Jerry Barker; Democracy by Joan Didion; Friday Night Lights; Shutter Island by Dennis Lehane; 100 Things Lions Fans Should Know & Do Before They Die by Paula Pasche; Just Kids by Patti Smith

=== 2026-08-09 03:33 America/Chicago · Sunday · slice 7/7 · 93 gifts checked · coverage: all gifts ===
errors: 1 · inconclusive(blocked): 17 · ok: 75
  ! Scandinavian Comfort Food: Embracing the Art of Hygge
      url dead 404
      url:   https://bookshop.org/a/87073/9781849498593
      image: https://covers.openlibrary.org/b/isbn/9781849498593-L.jpg
  ~ blocked (inconclusive): The Sweet Life in Paris: Delicious Adventures in the World's Most Glorious and Perplexing City by David Lebovitz; New York Jets; New Orleans Official Visitors Guide; The Diary of a Young Girl: The Definitive Edition by Anne Frank; 100 Things to Do in Shreveport-Bossier, Louisiana, Before You Die by Monica Champagne; Too Small Tola by Atinuke; Forgotten Maryland Cocktails by Gregory and Nicole Priebe; 100 Things Colts Fans Should Know & Do Before They Die by Phillip B. Wilson; Glorious Victory: Andrew Jackson and the Battle of New Orleans by Donald R. Hickey; Apollo 13; Gone with the Wind; Hans Christian Andersen: The Complete Fairy Tales and Stories; Possum Magic by Mem Fox; When Pride Still Mattered: A Life of Vince Lombardi by David Maraniss; Classic Reds: The 50 Greatest Games in Cincinnati Red History by Joe Heffron and Jack Heffron; Lady in the Lake; Memphis Mayhem: A Story of the Music That Shook Up the World by David A. Less

=== 2026-08-08 03:31 America/Chicago · Saturday · slice 6/7 · 92 gifts checked · coverage: all gifts ===
errors: 1 · inconclusive(blocked): 3 · ok: 88
  ! Santa Calls
      url dead 404
      image dead 404
      url:   https://bookshop.org/a/87073/9780060211332
      image: https://images-us.bookshop.org/ingram/9780060211332.jpg
  ~ blocked (inconclusive): Boston Coloring Book by Colour Your Streets; Harriet Beecher Stowe: A Life by Joan D. Hedrick; Tulane: The Emergence of a Modern University, 1945-1980 by Clarence L. Mohr and Joseph E. Gordon

=== 2026-08-07 03:49 America/Chicago · Friday · slice 5/7 · 91 gifts checked · coverage: all gifts ===
errors: 0 · inconclusive(blocked): 28 · ok: 63
  ~ blocked (inconclusive): Skin Tight by Carl Hiaasen; The Sellout by Paul Beatty; Richmond's Unhealed History by Benjamin Campbell; Lives of the Saints by Nancy Lemann; The Warning: Accident at Three Mile Island by Mike Gray and Ira Rosen; Legendary Locals of East Aurora, New York by Robert Lowell Goller; P Is for Pelican: A Louisiana Alphabet by Anita C. Prieto and Laura Knorr; Truth Like the Sun by Jim Lynch; The Miniaturist: A Novel by Jessie Burton; Fourth Ward Charlotte by Cameron Holtz; Skid Road; Nashville Eats; The Great Bridge; Classic Restaurants of Indianapolis; Wicked Baltimore: Charm City Sin and Scandal by Lauren R. Silberman; Boston's Freedom Trail by Diane Caporale; Tales from the San Francisco 49ers Sideline by Roger Craig and Matt Maiocco; A History Lover's Guide to Chicago; The Scarlet Letter by Nathaniel Hawthorne; The Encyclopedia of Chicago; A Moveable Feast: The Restored Edition by Ernest Hemingway; The Rise and Fall of Marvellous Melbourne by Graeme Davison; Grandpa Cacao: A Tale of Chocolate, from Farm to Family; Augusta (Images of America); My Beloved Miami Dolphins: From the Perspective of a Lifelong Fan by Romain DuFour III; Hidden History of Pittsburgh by Len Barcousky; A River and Its City: The Nature of Landscape in New Orleans by Ari Kelman; Haunted New Orleans: History & Hauntings of the Crescent City by Troy Taylor

=== 2026-07-30 03:54 America/Chicago · Thursday · slice 4/7 · 85 gifts checked · coverage: all gifts ===
errors: 1 · inconclusive(blocked): 2 · ok: 82
  ! The New Eagles Encyclopedia
      url dead 404
      url:   https://bookshop.org/a/87073/9781439912119
      image: https://covers.openlibrary.org/b/isbn/9781439912119-L.jpg
  ~ blocked (inconclusive): Visit London; Paris I Love You, Official Tourism SIte

=== 2026-07-29 03:57 America/Chicago · Wednesday · slice 3/7 · 85 gifts checked · coverage: all gifts ===
errors: 2 · inconclusive(blocked): 20 · ok: 63
  ! Yogi: 1925-2015 by The New The New York Times
      image error (TypeError)
      url:   https://bookshop.org/a/87073/9781629372488
      image: https://images-us.bookshop.org/ingram/9781629372488.jpg
  ! Loaded by Christos Tsiolkas
      url dead 404
      url:   https://bookshop.org/a/87073/9780099757719
      image: https://images-us.bookshop.org/ingram/9780099757719.jpg
  ~ blocked (inconclusive): Fever 1793; The Story of Arthur Ashe: An Inspiring Story for Kids by Reza Nazari; Good Night Boston; Secret San Francisco: A Guide to the Weird, Wonderful, and Obscure by Ruth Carlson; The Kansas City Royals: An Illustrated Timeline by Matt Stewart; Best Easy Day Hikes Indianapolis; Buffalo Architecture: A Guide by Reyner Banham; Brown Girls: A Novel by Daphne Palasi Andreades; Walking Cincinnati: 35 Walking Tours Exploring Historic Neighborhoods, Stunning Riverfront Quarters, and Hidden Treasures in the Queen City by Danny Korman, Katie Meyer; A Street Cat Named Bob: And How He Saved My Life by James Bowen; Greetings from Indianapolis; Toronto Street Names: An Illustrated Guide to Their Origins by Allan Gould and Leonard Wise; Winter in Madrid: A Novel by C J Sansom; From Factories to Palaces Architect Charles B. J. Snyder and the New York City Public Schools; Mobile Bay and the Mobile Campaign: The Last Great Battles of the Civil War by Chester G. Hearn; The Accidental City: Improvising New Orleans by Lawrence N. Powell; Tales from the Cleveland Browns Sideline: A Collection of the Greatest Browns Stories Ever Told by Tony Grossi; Transforming New Orleans and Its Environs: Centuries of Change by Craig E. Colten; Quest to New Orleans by Ashley Franklin and Ria Lee; Hidden London: Discovering the Forgotten Underground by David Bownes, Chris Nix, Siddy Holloway, and Sam Mullins

=== 2026-07-28 03:55 America/Chicago · Tuesday · slice 2/7 · 84 gifts checked · coverage: all gifts ===
errors: 1 · inconclusive(blocked): 22 · ok: 61
  ! Barracuda by Christos Tsiolkas
      url dead 404
      image dead 404
      url:   https://bookshop.org/a/87073/9781782392446
      image: https://images-us.bookshop.org/ingram/9781782392446.jpg
  ~ blocked (inconclusive): Tampa Bay in History; Professor Longhair: A Scrapbook by Per Oldaeus; Seventeen and Oh; New Orleans of George Washington Cable: The 1887 Census Office Report by Lawrence N. Powell; New Orleans Rum: A Decadent History by Mikko Macchione; Midnight in the Garden of Good and Evil; St. Louis Jazz: A History by Dennis C. Owsley; Hidden History of Milwaukee by Robert Tanzilo; Lonely Planet Pocket Toronto: Discover Twice the City in Half the Time Top Sights Maps & Walking Tours Covers Toronto Islands, Evergreen Brick Works, Harbourfront Centre and More by Isabella Noble; Cleveland Browns; Mystic River by Dennis Lehane; Head On: A Memoir by Larry Csonka; Miami Dolphins by Marcia Zappa; Creole Italian: Sicilian Immigrants and the Shaping of New Orleans Food Culture by Justin A. Nystrom; The Joy Luck Club; Color Niagara Falls by Veronica Young; Secret Dallas: A Guide to the Weird, Wonderful, and Obscure by Mark Stuertz; Discovering North Carolina's Mountains-To-Sea Trail: A Companion for Hikers and Armchair Explorers by Jerry Barker; Democracy by Joan Didion; Friday Night Lights; Shutter Island by Dennis Lehane; 100 Things Lions Fans Should Know & Do Before They Die by Paula Pasche

=== 2026-07-26 03:47 America/Chicago · Sunday · slice 7/7 · 85 gifts checked · coverage: all gifts ===
errors: 1 · inconclusive(blocked): 5 · ok: 79
  ! New Orleans Official Visitors Guide
      url error 405 (HTTP 405)
      url:   https://digital.milespartnership.com/publication/?i=860370&p=0&view=issueViewer
      image: https://www.explorelouisiana.com/sites/default/files/styles/visitor_guide/public/2026-03/2026_louisiana_official_travel_guide_cover_150px.png?itok=X3ay5bRJ
  ~ blocked (inconclusive): Building the Brewers: Bud Selig and the Return of Major League Baseball to Milwaukee by Chris Zantow; Possum Magic by Mem Fox; Classic Reds: The 50 Greatest Games in Cincinnati Red History by Joe Heffron and Jack Heffron; Lady in the Lake; Memphis Mayhem: A Story of the Music That Shook Up the World by David A. Less

=== 2026-07-25 03:40 America/Chicago · Saturday · slice 6/7 · 79 gifts checked · coverage: all gifts ===
errors: 0 · inconclusive(blocked): 42 · ok: 37
  ~ blocked (inconclusive): Classic Restaurants of Indianapolis; Wicked Baltimore: Charm City Sin and Scandal by Lauren R. Silberman; Tales from the San Francisco 49ers Sideline by Roger Craig and Matt Maiocco; A Moveable Feast: The Restored Edition by Ernest Hemingway; The Rise and Fall of Marvellous Melbourne by Graeme Davison; My Beloved Miami Dolphins: From the Perspective of a Lifelong Fan by Romain DuFour III; Tales from the Philadelphia Eagles Sideline; Paris: A Book of Shapes by Ashley Evanson; The Beautiful Struggle: A Memoir by Ta-Nehisi Coates; Buffalo's Historic Streetcars and Buses by D David Bregger; Abandoned Kansas City: Forgotten Brought to Light by Regina Daniel; Greater Than a Tourist- Baton Rouge Louisiana USA: 50 Travel Tips from a Local by Emily Beck Cogburn; Houses of New Orleans by Alex Caemmerer; Sun, Sin & Suburbia; The 50 Greatest Players in Philadelphia Eagles History; 100 Things to Do in Buffalo Before You Die, 2nd Edition by Elizabeth Licata; Boston Coloring Book by Colour Your Streets; 77: Denver, The Broncos, and a Coming of Age by Terry Frei; The Chicago Coloring Book: Iconic Landmarks and Hidden Gems Adult Coloring Book by Chris Arnold; Legends of the Dallas Cowboys: Tom Landry, Troy Aikman, Emmitt Smith, and Other Cowboys Stars by Cody Monk; Paris to the Moon by Adam Gopnik; New Orleans: An Intimate Journey Through a City with Soul by Geoffrey H. Baker; Praying for Sheetrock: A Work of Nonfiction by Melissa Fay Greene; The Slap by Christos Tsiolkas; 100 Things Browns Fans Should Know & Do Before They Die by Zac Jackson; Hidden History of Richmond by Walter S. Griggs Jr.; This House of Grief: The Story of a Murder Trial by Helen Garner; The Year of Fog by Michelle Richmond; A Brief History of Phoenix by Jon Talton; Horizontal Vertigo: A City Called Mexico by Juan Villoro; Harlem Shuffle; An Opinionated Guide to London Architecture by Sujata Burman, Rosa Bertoli, and Taran Wilkhu; Miami in the Anthropocene: Rising Seas and Urban Resilience by Stephanie Wakefield; Insiders' Guide to Baton Rouge by Cynthia Campbell; Sorting Out the New South City, Second Edition by Tom Hanchett; Cool Gray City of Love: 49 Views of San Francisco by Gary Kamiya; Bavarian Cooking: A Bavarian Cookbook with Authentic Bavarian Recipes by Booksumo Press; The Season: A Fan's Story by Helen Garner; Corpus Christi: Stories by Bret Anthony Johnston; Eve's Hollywood by Eve Babitz; Tulane: The Emergence of a Modern University, 1945-1980 by Clarence L. Mohr and Joseph E. Gordon; Wonder Boys by Michael Chabon

=== 2026-07-24 03:51 America/Chicago · Friday · slice 5/7 · 79 gifts checked · coverage: all gifts ===
errors: 2 · inconclusive(blocked): 19 · ok: 58
  ! Home Team: Coaching the Saints and New Orleans Back to Life by Sean Payton and Ellis Henican
      url dead 404
      image dead 404
      url:   https://bookshop.org/a/87073/9780451232618
      image: https://images-us.bookshop.org/ingram/9780451232618.jpg
  ! True History of the Kelly Gang by Peter Carey
      url dead 404
      image dead 404
      url:   https://bookshop.org/a/87073/9780571270156
      image: https://images-us.bookshop.org/ingram/9780571270156.jpg
  ~ blocked (inconclusive): Mahoning County Visitors Guides; Best Hikes St. Louis: Simple Strolls, Day Hikes, and Longer Adventures by Emily Tanner and JD Tanner; 100 Things Vikings Fans Should Know and Do Before They Die by Mark Craig; A Tree Grows in Brooklyn by Betty Smith; Lost Boston; Skin Tight by Carl Hiaasen; Buffalo's East Side Industry by Shane E Stephenson; The Sellout by Paul Beatty; Hidden History of New Orleans; The Austin Music Scene, 1965-1994: Through the Lens of Burton Wilson by Burton Wilson; Jenny Giraffe and the Streetcar Party by Cecilia Casrill Dartez; Richmond's Unhealed History by Benjamin Campbell; Lives of the Saints by Nancy Lemann; Legendary Locals of East Aurora, New York by Robert Lowell Goller; P Is for Pelican: A Louisiana Alphabet by Anita C. Prieto and Laura Knorr; Truth Like the Sun by Jim Lynch; Fourth Ward Charlotte by Cameron Holtz; Skid Road; Nashville Eats

=== 2026-07-23 03:52 America/Chicago · Thursday · slice 4/7 · 65 gifts checked · coverage: all gifts ===
errors: 3 · inconclusive(blocked): 41 · ok: 21
  ! Walking Cincinnati by Danny Korman and Katie Meyer
      url dead 404
      url:   https://bookshop.org/a/87073/9780899977225
      image: https://images-us.bookshop.org/ingram/9780899977225.jpg
  ! The New Eagles Encyclopedia
      url dead 404
      url:   https://bookshop.org/a/87073/9781439912119
      image: https://images-us.bookshop.org/ingram/9781439912119.jpg
  ! San Francisco Baby by Puck
      url dead 404
      url:   https://bookshop.org/a/87073/9781938093142
      image: https://images-us.bookshop.org/ingram/9781938093142.jpg
  ~ blocked (inconclusive): Greetings from Indianapolis; From Factories to Palaces Architect Charles B. J. Snyder and the New York City Public Schools; Mobile Bay and the Mobile Campaign: The Last Great Battles of the Civil War by Chester G. Hearn; The Accidental City: Improvising New Orleans by Lawrence N. Powell; Transforming New Orleans and Its Environs: Centuries of Change by Craig E. Colten; Quest to New Orleans by Ashley Franklin and Ria Lee; Booklover's Guide to New Orleans; Indianapolis: The True Story of the Worst Sea Disaster in U.S. Naval History; Visit London; The Orchid Thief; Collected Poems of Bob Kaufman by Bob Kaufman, Devorah Major, Neeli Cherkovski, and Raymond Foye; 100 Things Dolphins Fans Should Know & Do Before They Die by Armando Salguero; Cleveland: A Concise History, 1796-1996 by Carol Poh Miller and Robert A. Wheeler; New Orleans Houses: A House-Watcher's Guide; The Mirage Factory: Illusion, Imagination, and the Invention of Los Angeles by Gary Krist; Mr. New Orleans; Savannah Blues by Mary Kay Andrews; Fodor's San Antonio, Austin & the Texas Hill Country by Fodor's Travel Guides; Quiet Strength; The Island at the Center of the World; Cincinnati's Over-The-Rhine; Tucson: The Life and Times of an American City by C. L. Sonnichsen; Indianapolis Colts 101; Abandoned Arizona, Ghost Towns and Legends; The Turner House by Angela Flournoy; San Diego Yesterday by Richard W. Crawford; Benjamin Franklin: An American Life; Guide to Contemporary New York City Architecture by John Hill; 100 Things Bills Fans Should Know & Do Before They Die by Jeff Miller; Bunker Hill; The West Bank of Greater New Orleans: A Historical Geography by Richard Campanella; Air Castle of the South; Last Team Standing; The Day of the Locust; The Philadelphia Negro by W. E. B. Du Bois; Good Night Atlanta; Rough Guides Mini Munich and Bavaria: Travel Guide with eBook by Rough Guides and Jeroen Van Marle; Play It As It Lays; Time and Place in New Orleans: Past Geographies in the Present Day by Richard Campanella; The Coon-Sanders Nighthawks: The Band That Made Radio Famous by Fred W. Edmiston; Me & Lee How I Came to Know, Love and Lose Lee Harvey Oswald

=== 2026-07-22 03:52 America/Chicago · Wednesday · slice 3/7 · 65 gifts checked · coverage: all gifts ===
errors: 1 · inconclusive(blocked): 57 · ok: 7
  ! Lost Souls
      url dead 404
      url:   https://bookshop.org/a/87073/9780758211835
      image: https://covers.openlibrary.org/b/id/2815463-M.jpg
  ~ blocked (inconclusive): Creole Italian: Sicilian Immigrants and the Shaping of New Orleans Food Culture by Justin A. Nystrom; The Joy Luck Club; Color Niagara Falls by Veronica Young; Secret Dallas: A Guide to the Weird, Wonderful, and Obscure by Mark Stuertz; Discovering North Carolina's Mountains-To-Sea Trail: A Companion for Hikers and Armchair Explorers by Jerry Barker; Democracy by Joan Didion; Shutter Island by Dennis Lehane; 100 Things Lions Fans Should Know & Do Before They Die by Paula Pasche; Historic Buildings of Boston: A Coloring Book of Architecture by Scott Clowney; Architecture of the Old South: Mississippi and Alabama by Mills Lane; Guide to Civil War Philadelphia; Hidden History of Kansas City; Selected Works of Abbot Suger of Saint-Denis by Suger; The View from the O-Line; New Orleans: A Pictorial History by Leonard Huber; The Amazing Adventures of Kavalier & Clay by Michael Chabon; The Time Traveler's Wife by Audrey Niffenegger; The Monocle Travel Guide to Rio de Janeiro by Monocle; Where Is Niagara Falls? by Megan Stine; City of Quartz; Miami; Secret Philadelphia; Lonesome Dove by Larry McMurtry; Blue Monday: Fats Domino and the Lost Dawn of Rock 'n' Roll by Rick Coleman; This Is Paris by Miroslav Sasek; This Is Mexico City by Abby Clawson Low; Atlanta Record Stores: An Oral History by Chad Radford; Le Ker Creole: Creole Compositions and Stories from Louisiana by Bruce Sunpie Barnes, Rachel Breunlin, Leroy Etienne, and Jeffrey David Ehrenreich; If These Walls Could Talk: Raiders; New Orleans in the Fifties by Mary Lou Widmer; Houston, TX: Cool Stuff Every Kid Should Know by Kate Boehm Jerome; Dr. John Sheet Music Anthology by Dr. John; A New Material Interpretation of Twelfth-Century Architecture: Reconstructing the Abbey of Saint-Denis by Jason Crow; Where'd You Go, Bernadette; Johnny Tremain by Esther Forbes; Carolina Panthers; Rand McNally Folded Map: Sacramento Street Map by Rand McNally; Dearborn by Ghassan Zeineddine; New York Coloring Book by Colour Your Streets; 100 Things Eagles Fans Should Know & Do Before They Die by Chuck Carlson; Baseball in Tampa Bay; Promises to Keep; Look Up London: Discover the Details You Have Never Noticed Before in 10 Walks by Katie Wignall; Phoenix: A History of the Southwest Metropolis; Creating Jazz Counterpoint: New Orleans, Barbershop Harmony, and the Blues by Vic Hobson; Auto Racing in Charlotte and the Carolina Piedmont; 100 Things Broncos Fans Should Know & Do Before They Die by Brian Howell; 50 Hidden Gems of Greater Western New York by Christopher Carosa; Fever 1793; The Story of Arthur Ashe: An Inspiring Story for Kids by Reza Nazari; Good Night Boston; Secret San Francisco: A Guide to the Weird, Wonderful, and Obscure by Ruth Carlson; The Kansas City Royals: An Illustrated Timeline by Matt Stewart; Best Easy Day Hikes Indianapolis; Buffalo Architecture: A Guide by Reyner Banham; Brown Girls: A Novel by Daphne Palasi Andreades; Walking Cincinnati by Danny Korman and Katie Meyer

=== 2026-07-21 03:53 America/Chicago · Tuesday · slice 2/7 · 65 items checked · coverage: full catalog ===
errors: 1 · inconclusive(blocked): 6 · ok: 58
  ! The NFL Media Information Book, 1983
      url dead 404
      url:   https://bookshop.org/a/87073/9780894803673
      image: https://covers.openlibrary.org/b/id/9542370-M.jpg
  ~ blocked (inconclusive): Hidden History of Milwaukee by Robert Tanzilo; Lonely Planet Pocket Toronto: Discover Twice the City in Half the Time Top Sights Maps & Walking Tours Covers Toronto Islands, Evergreen Brick Works, Harbourfront Centre and More by Isabella Noble; Cleveland Browns; Mystic River by Dennis Lehane; Head On: A Memoir by Larry Csonka; Miami Dolphins by Marcia Zappa

=== 2026-07-19 03:46 America/Chicago · Sunday · slice 7/7 · 92 items checked · coverage: full catalog ===
errors: 0 · inconclusive(blocked): 61 · ok: 31
  ~ blocked (inconclusive): The Emerald Mile; Driving across Missouri: A Guide to I-70 by Ted T. Cable and Wayne A. Maley; Less Than Zero; Cool Gray City of Love; ABCs of New Orleans by Mary Nichol Brinkman; Cincinnati Bengals; Buildings of Pittsburgh by Franklin Toker; Trains and Trolleys: Railroads and Streetcars in St. Louis by Molly Butterworth; Field Trip to Niagara Falls by Geronimo Stilton; Infinite City by Rebecca Solnit; Chicago Architecture and Design; The Last Madam: A Life in the New Orleans Underworld by Christine Wiltz; A Man in Full; 100 Things Ravens Fans Should Know & Do Before They Die by Jason Butt; Arizona Cardinals Fun Facts; The Original Tuxedo Jazz Band: More Than a Century of a New Orleans Icon by Sally Newhart and Bruce Boyd Raeburn; Philadelphia Eagles: Where Have You Gone?; Lost Shreveport: Vanishing Scenes from the Red River Valley by Gary Joiner and Ernie Roberson; Detroit City Is the Place to Be by Mark Binelli; The Mirage Factory; Pocket Guide to Los Angeles Architecture; DK Madrid by DK Travel; San Diego Siege by Don Pendleton; Interview with the Vampire; Rick Steves Snapshot Madrid & Toledo by Rick Steves; Color Me New Orleans: A Crescent City Coloring Book by Cider Mill Press; Fear and Loathing in Las Vegas; Touring Gotham's Archaeological Past: 8 Self-Guided Walking Tours Through New York City; Buddy Bolden and the Last Days of Storyville by Danny Barker and Alyn Shipton; Buffalo Everything: A Guide to Eating in The Nickel City by Arthur Bovino; American Indians in Early New Orleans: From Calumet to Raquette by Daniel H. Usner Jr.; Patriotic Fire: Andrew Jackson and Jean Laffite at the Battle of New Orleans by Winston Groom; Charlotte and the Carolina Piedmont; Game of My Life Philadelphia Eagles; Buildings of New Orleans by Karen Kingsley and Lake Douglas; New Orleans Carnival Balls: The Secret Side of Mardi Gras, 1870-1920 by Jennifer Atkins; Welcome to the Jungle; Historic Neighborhoods of Baton Rouge by Annabelle M. Armstrong; Gone with the Wind; Zoe de Las Cases Paris Colouring Book: A Collection of Beautiful Parisian Images to Colour in by Zoe de Las Cases; Boston Then and Now by Anthony Mitchell Sammarco; Lonely Planet Pocket Melbourne: Discover Twice the City in Half the Time Top Sights Maps & Walking Tours Covers City Centre, Southbank, Fitzroy, Collingwood, Brunswick, Parkville and More by Virginia Maxwell and Justin Meneguzzi; Lady in the Lake; 100 Things Commanders Fans Should Know & Do Before They Die by Rick Snider; Lost Biloxi by Edmond Boudreaux; Charm City by Laura Lippman; The Black Dahlia by James Ellroy; Night-Night New Orleans by Katherine Sully and Helen Poole; The Elway Years; Lost Restaurants of Seattle by Chuck Flood; Buffalo NY Official Visitor Guide; The Little Book of Lykke: Secrets of the World's Happiest People by Meik Wiking; The Timkens of San Diego: Their Lives and Legacy by Bob Witty; The Year Before the Flood: A Story of New Orleans by Ned Sublette; Shaping Seattle Architecture: A Historical Guide to the Architects by Jeffrey Karl Ochsner; The Amazing Kansas City Library by David Arthur Walters; This Is New York by Miroslav Sasek; 100 Things Raiders Fans Should Know & Do Before They Die by Paul Gutierrez; Tampa Bay Buccaneers; Lost Cincinnati by Jeff Suess; Secret Buffalo: A Guide to the Weird, Wonderful, and Obscure by Elizabeth Licata

=== 2026-07-18 03:33 America/Chicago · Saturday · slice 6/7 · 91 items checked · coverage: full catalog ===
errors: 1 · inconclusive(blocked): 63 · ok: 27
  ! The World That Made New Orleans: From Spanish Silver to Congo Square by Ned Sublette
      url dead 404
      url:   https://bookshop.org/a/87073/9781556527302
      image: https://covers.openlibrary.org/b/isbn/9781556527302-L.jpg
  ~ blocked (inconclusive): Inventing New Orleans: Writings of Lafcadio Hearn by S. Frederick Starr; Still Growing, Still Learning, Still Me; Let the Great World Spin by Colum McCann; Youngstown Postcards from the Steel City by Donna M. DeBlasio; The Cleveland Browns History; The Colossus of New York; You Made My Day, Tampa Bay!; Boss; Explore Louisiana Virtual Visitor Center; Secret Detroit: A Guide to the Weird, Wonderful, and Obscure by Karen Dybis; AIA Detroit: The American Institute of Architects Guide to Detroit Architecture by Eric J. Hill and John Gallagher; Historic Buildings of New York City: A Coloring Book of Architecture by Scott Clowney; Hiking Intown Atlanta's Hidden Forests; Carolina Hurricanes Book; The World's Poorest President Speaks Out by Kusaba Yoshimi, Nakagawa Gaku, and Andrew Wong; Once in a Great City: A Detroit Story by David Maraniss; The Kid from Cleveland; Nine Lives: Mystery, Magic, Death, and Life in New Orleans by Dan Baum; Baseball in Indianapolis; The Kansas City Athletics: A Baseball History, 1954-1967 by John E. Peterson; Madeline by Ludwig Bemelmans; Make Way for Ducklings; Detroit: An American City; Goodbye, Oakland; The Monocle Travel Guide to Madrid by Monocle; Kansas City: A Food Biography by Andrea L. Broomfield; The Maltese Falcon; Motherless Brooklyn by Jonathan Lethem; In the Huddle with... John Elway; Twisted Tour Guide Northern Virginia: Alexandria-Fredericksburg-Richmond by Marques Vickers; Walking New York; Centennial by James A. Michener; Through the Window: Views of Marc Chagall's Life and Art by Barb Rosenstock; The Jungle by Upton Sinclair; Miami Dolphins by Marv Alinas; Atlanta Coloring Book by Colour Your Streets; Cincinnati Bengals: My First NFL Book; Cincinnati Cemeteries; The Tourist's Guide to Lost Yiddish New York City; The Eater Guide to Mexico City by Eater, Nils Bernstein, and Eliane Mancera; Los Angeles: The Architecture of Four Ecologies; The Monocle Travel Guide to Munich by Andrew Tuck; Empire of Sin; Snow Falling on Cedars; Spooky New Orleans: Tales of Hauntings, Strange Happenings, and Other Local Lore by S. E. Schlosser and Paul G. Hoffman; Charlotte and the State of North Carolina; The Story of the Carolina Panthers; Tennessee Titans 101; The Lost German Slave Girl: The Extraordinary True Story of Sally Miller and Her Fight for Freedom in Old New Orleans by John Bailey; Legends of the Buffalo Bills: Marv Levy, Bruce Smith, Thurman Thomas, and Other Bills Stars by Randy Schultz; The House on Mango Street; Walking New Orleans: 33 Historic Neighborhoods, Waterfront Districts, and Recreational Wonderlands by Barri Bronston; Jacksonville (Images of America); Learning from Las Vegas; 1776 by David McCullough; The Killer Angels by Michael Shaara; Lonely Planet Australia by Lonely Planet; Zone One by Colson Whitehead; The Authentic History of Cincinnati Chili; Lost Jacksonville; A Celebration of Western New York Poets by Patricia Tansey; Satchmo: My Life in New Orleans by Louis Armstrong; Bienville's Dilemma: A Historical Geography of New Orleans by Richard Campanella

=== 2026-07-17 03:43 America/Chicago · Friday · slice 5/7 · 91 items checked · coverage: full catalog ===
errors: 1 · inconclusive(blocked): 73 · ok: 17
  ! The Moviegoer by Walker Percy
      url dead 404
      url:   https://bookshop.org/a/87073/9780375701962
      image: https://covers.openlibrary.org/b/isbn/9780375701962-L.jpg
  ~ blocked (inconclusive): A Few Seconds of Panic; AIA Guide to New York City by Norval White, Elliot Willensky, and Fran Leadon; 100 things to do in San Diego For Anyone by Jose Sanchez; Youngstown by Donna M. DeBlasio; A Confederacy of Dunces; Leaving Atlanta by Tayari Jones; New Orleans Voodoo: A Cultural History by Rory O'Neill Schmitt, Rosary Hartel O'Neill, and Sallie Ann Glassman; New Orleans Architecture: Faubourg Tremé; The Ultimate Carolina Panthers Trivia Book; "History Is Bunk": Assembling the Past at Henry Ford's Greenfield Village by Jessie Swigger; The Big 50: Chicago Bears: The Men and Moments that Made the Chicago Bears by Adam Jahns; Above and Across Atlanta; Inspiring Stories of Football Greats; No Access New York City; Miracle at Philadelphia; Peyton Manning; Felicia Chiao: Coloring Book One by Felicia Chiao; On the Road; Petite Rouge: A Cajun Red Riding Hood by Mike Artell and Jim Harris; The Longest Man-Made Beach In The World: Biloxi Stories by Amelia Franz; Good Night Philadelphia; Plainsong; The Story of French New Orleans: History of a Creole City by Dianne Guenin-Lelle; The Boys in the Boat; Hidden History of Boston; Chicago: A Biography by Dominic A. Pacyga; The Lowcountry Coloring Book: Charleston, Savannah, the Sea Islands, and Beyond by Melissa Conroy; The Lazarus Project by Aleksandar Hemon; Birds of Arizona Field Guide; Hello, New Orleans! by Martha Day Zschock; Explorer's Guide Tucson: A Great Destination by Kim Westerman; Mad Madame Lalaurie: New Orleans' Most Famous Murderess Revealed by Victoria Cosner and Lorelei Shannon; The Mysteries of Pittsburgh; Hidden History of Cleveland; Secret Chicago: A Guide to the Weird, Wonderful, and Obscure; The St. Louis Anthology by Ryan Schuessler; Cincinnati, OH: Cool Stuff Every Kid Should Know by Kate Boehm Jerome; Missouri Comfort by Porcshe Moran and Mathew Unger; Secret Charlotte: A Guide to the Weird, Wonderful, and Obscure by Sarah Crosland; New Orleans Architecture: The Esplanade Ridge; '69 Chiefs: A Team, a Season, and the Birth of Modern Kansas City by Michael MacCambridge; Historic Photos of New Orleans Jazz by Thomas L. Morgan; West Side Kansas City Through Time by William Craig; No Plan B; Moon Austin, San Antonio & the Hill Country by Justin Marler; 100 Things 49ers Fans Should Know & Do Before They Die by Dan Brown; The Coloring Book of Armor by Pierre Terjanian; Louis Armstrong's New Orleans by Thomas Brothers; The Moviegoer; Lost Youngstown by Sean T. Posey; Philadelphia: Finding the Hidden City; The Power Broker; The Dante Club; Becoming Free, Remaining Free: Manumission and Enslavement in New Orleans, 1846-1862 by Judith Kelleher Schafer; Super Smart City Series: Awesome Austin by April Chloe Terrazas; Lost Indianapolis; Game of My Life Indianapolis Colts; Native American & Pioneer Sites of Upstate New York: Westward Trails from Albany to Buffalo by Lorna MacDonald Czarnota; The Guardian Building: Cathedral of Finance by James W. Tottis; Capitol Punishment by Andrew Welsh-Huggins; If These Walls Could Talk: Denver Broncos; 13 Colonies and the American Revolution Coloring Book by E. Philip Brown; Secret Cleveland: A Guide to the Weird, Wonderful, and Obscure by Deb Thompson and Tonya Prater; The Lackawanna Railroad in Northeastern Pennsylvania by David Crosby; Fences; St. Louis Cardinals All-Time Greats by Brendan Flynn; A Boozy History of Atlanta: People, Places & Drinks That Made a City by Caroline Eubanks; The Little New Orleans Cookbook: Fifty-Seven Classic Creole Recipes That Will Enable Everyone to Enjoy the Special Cuisine of New Orleans by Gwen McKee; The Eagles Encyclopedia: Champions II; The Yellow House; Their Eyes Were Watching God; Fourth Down and Out; New Orleans Noir: The Classics by Julie Smith

=== 2026-06-28 00:06 America/Chicago · Sunday · slice 7/7 · 28 items checked · coverage: published only ===
errors: 0 · inconclusive(blocked): 13 · ok: 15
  ~ blocked (inconclusive): The Incredible Boston Red Sox Trivia Book; Red Ribbons & Black Colts; Nine Lives; Coming Through Slaughter; Architecture in Indianapolis: 1900-1920; The Sender; Infinite City; The 2% Way How a Philosophy of Small Improvements Took Me to Oxford, the Nfl, and Neurosurgery; Team Rodent; Gone with the Wind; Lady in the Lake; The Library Book; The Chicago Cubs Story of a Curse

